[2022-10-07 10:12:04,073] logging_util.py->write_log line:60 [INFO]预期结果：[{'equals': {'status_code': 200}}, {'contains': 'access_token'}]
[2022-10-07 10:12:04,080] logging_util.py->write_log line:60 [INFO]实际结果：{'access_token': '61_-bnAJ5s5ZpE8TBJqrwT5n1LZdEbtMGw9GVY5ufKArpzzX48f8C1N5pkZmEeHF0VNGFUPnxIW2IKNbwdICoSo4TBKLeTzLh2GZVb15nSo4fNz6Y-TM7_3dC1Lo0bTcYJrQFdmoM1Yls_Y6TG0IQCgADAQYK', 'expires_in': 7200}
[2022-10-07 10:12:04,087] logging_util.py->write_log line:60 [INFO]----------接口请求成功-------------
[2022-10-07 10:12:04,094] logging_util.py->write_log line:60 [INFO]----------接口请求结束-------------
[2022-10-07 10:12:04,103] logging_util.py->write_log line:60 [INFO]----------接口请求开始-------------
[2022-10-07 10:12:04,112] logging_util.py->write_log line:60 [INFO]接口名称：appid必填项检查
[2022-10-07 10:12:04,119] logging_util.py->write_log line:60 [INFO]请求方发：get
[2022-10-07 10:12:04,126] logging_util.py->write_log line:60 [INFO]请求路径：https://api.weixin.qq.com/cgi-bin/token
[2022-10-07 10:12:04,133] logging_util.py->write_log line:60 [INFO]请求参数：{'appid': '', 'secret': 'c1c4d018981132edc55ed98070c1c0a3', 'grant_type': 'client_credential'}
[2022-10-07 10:12:04,140] logging_util.py->write_log line:60 [INFO]文件上传：None
[2022-10-07 10:12:04,147] logging_util.py->write_log line:60 [INFO]请求头：{}
[2022-10-07 10:12:04,202] logging_util.py->write_log line:60 [INFO]预期结果：[{'equals': {'status_code': 200}}, {'contains': 'errcode'}]
[2022-10-07 10:12:04,209] logging_util.py->write_log line:60 [INFO]实际结果：{'errcode': 41002, 'errmsg': 'appid missing rid: 633f8af4-4874f392-3fd4c7f3'}
[2022-10-07 10:12:04,215] logging_util.py->write_log line:60 [INFO]----------接口请求成功-------------
[2022-10-07 10:12:04,222] logging_util.py->write_log line:60 [INFO]----------接口请求结束-------------
[2022-10-07 10:12:04,232] logging_util.py->write_log line:60 [INFO]----------接口请求开始-------------
[2022-10-07 10:12:04,240] logging_util.py->write_log line:60 [INFO]接口名称：secret必填项检查
[2022-10-07 10:12:04,247] logging_util.py->write_log line:60 [INFO]请求方发：get
[2022-10-07 10:12:04,254] logging_util.py->write_log line:60 [INFO]请求路径：https://api.weixin.qq.com/cgi-bin/token
[2022-10-07 10:12:04,260] logging_util.py->write_log line:60 [INFO]请求参数：{'appid': 'wx5625afce5e19b885', 'secret': '', 'grant_type': 'client_credential'}
[2022-10-07 10:12:04,267] logging_util.py->write_log line:60 [INFO]文件上传：None
[2022-10-07 10:12:04,274] logging_util.py->write_log line:60 [INFO]请求头：{}
[2022-10-07 10:12:04,408] logging_util.py->write_log line:60 [INFO]预期结果：[{'equals': {'status_code': 200}}, {'contains': 'errcode'}]
[2022-10-07 10:12:04,415] logging_util.py->write_log line:60 [INFO]实际结果：{'errcode': 41004, 'errmsg': 'appsecret missing rid: 633f8af4-21f67d81-3a38ffcd'}
[2022-10-07 10:12:04,421] logging_util.py->write_log line:60 [INFO]----------接口请求成功-------------
[2022-10-07 10:12:04,428] logging_util.py->write_log line:60 [INFO]----------接口请求结束-------------
[2022-10-07 10:12:04,437] logging_util.py->write_log line:60 [INFO]----------接口请求开始-------------
[2022-10-07 10:12:04,449] logging_util.py->write_log line:60 [INFO]接口名称：查询标签接口
[2022-10-07 10:12:04,456] logging_util.py->write_log line:60 [INFO]请求方发：get
[2022-10-07 10:12:04,462] logging_util.py->write_log line:60 [INFO]请求路径：https://api.weixin.qq.com/cgi-bin/tags/get?access_token
[2022-10-07 10:12:04,469] logging_util.py->write_log line:60 [INFO]请求参数：{'access_token': '61_-bnAJ5s5ZpE8TBJqrwT5n1LZdEbtMGw9GVY5ufKArpzzX48f8C1N5pkZmEeHF0VNGFUPnxIW2IKNbwdICoSo4TBKLeTzLh2GZVb15nSo4fNz6Y-TM7_3dC1Lo0bTcYJrQFdmoM1Yls_Y6TG0IQCgADAQYK'}
[2022-10-07 10:12:04,476] logging_util.py->write_log line:60 [INFO]文件上传：None
[2022-10-07 10:12:04,483] logging_util.py->write_log line:60 [INFO]请求头：{}
[2022-10-07 10:12:04,704] logging_util.py->write_log line:60 [INFO]预期结果：[{'equals': {'status_code': 200}}, {'sql': '${get_sql()}'}, {'contains': 'tags'}]
[2022-10-07 10:12:04,712] logging_util.py->write_log line:60 [INFO]实际结果：{'tags': [{'id': 2, 'name': '星标组', 'count': 0}, {'id': 100, 'name': 'ms271387', 'count': 0}, {'id': 101, 'name': 'ms726424', 'count': 0}, {'id': 102, 'name': 'ms166704', 'count': 0}, {'id': 103, 'name': 'ms782539', 'count': 0}, {'id': 104, 'name': 'ms246465', 'count': 0}, {'id': 105, 'name': 'ms938595', 'count': 0}, {'id': 106, 'name': 'ms818515', 'count': 0}, {'id': 107, 'name': 'ms637042', 'count': 0}, {'id': 108, 'name': 'ms237049', 'count': 0}, {'id': 109, 'name': 'ms333399', 'count': 0}, {'id': 110, 'name': 'ms670805', 'count': 0}, {'id': 111, 'name': 'ms232139', 'count': 0}, {'id': 112, 'name': 'ms692329', 'count': 0}, {'id': 113, 'name': 'ms839440', 'count': 0}, {'id': 114, 'name': 'ms450932', 'count': 0}, {'id': 115, 'name': 'ms930749', 'count': 0}, {'id': 116, 'name': 'ms557405', 'count': 0}, {'id': 117, 'name': 'ms112540', 'count': 0}, {'id': 118, 'name': 'ms299799', 'count': 0}, {'id': 119, 'name': 'ms263315', 'count': 0}, {'id': 120, 'name': 'ms1', 'count': 0}, {'id': 121, 'name': 'ms12134', 'count': 0}, {'id': 122, 'name': 'ms7619', 'count': 0}, {'id': 123, 'name': 'ms5764', 'count': 0}, {'id': 124, 'name': 'ms4738', 'count': 0}, {'id': 125, 'name': 'ms8741', 'count': 0}, {'id': 126, 'name': 'ms3942', 'count': 0}, {'id': 127, 'name': 'ms8302', 'count': 0}, {'id': 128, 'name': 'ms8190', 'count': 0}, {'id': 129, 'name': 'ms7135', 'count': 0}, {'id': 130, 'name': 'ms4576', 'count': 0}, {'id': 131, 'name': 'ms1577', 'count': 0}, {'id': 132, 'name': 'ms7837', 'count': 0}, {'id': 133, 'name': 'ms2555', 'count': 0}, {'id': 134, 'name': 'ms5821', 'count': 0}, {'id': 135, 'name': 'ms6763', 'count': 0}, {'id': 136, 'name': 'ms4818', 'count': 0}, {'id': 137, 'name': 'ms2291', 'count': 0}, {'id': 138, 'name': 'ms8800', 'count': 0}, {'id': 139, 'name': 'ms6665', 'count': 0}, {'id': 140, 'name': 'ms8105', 'count': 0}, {'id': 141, 'name': 'ms8577', 'count': 0}, {'id': 142, 'name': 'ms3685', 'count': 0}, {'id': 143, 'name': 'ms4706', 'count': 0}, {'id': 144, 'name': 'ms9977', 'count': 0}, {'id': 145, 'name': 'ms9694', 'count': 0}, {'id': 146, 'name': 'ms2348', 'count': 0}, {'id': 147, 'name': 'ms3842', 'count': 0}, {'id': 148, 'name': 'ms2656', 'count': 0}, {'id': 149, 'name': 'ms1906', 'count': 0}, {'id': 150, 'name': 'ms7726', 'count': 0}, {'id': 151, 'name': 'ms7543', 'count': 0}, {'id': 152, 'name': 'ms1590', 'count': 0}, {'id': 153, 'name': 'ms2576', 'count': 0}, {'id': 154, 'name': 'ms7336', 'count': 0}, {'id': 155, 'name': 'ms5906', 'count': 0}, {'id': 156, 'name': 'ms6635', 'count': 0}, {'id': 157, 'name': 'ms1052', 'count': 0}, {'id': 158, 'name': 'ms9238', 'count': 0}, {'id': 159, 'name': 'ms6913', 'count': 0}, {'id': 160, 'name': 'ms2382', 'count': 0}, {'id': 161, 'name': 'ms7674', 'count': 0}, {'id': 162, 'name': 'ms2090', 'count': 0}, {'id': 163, 'name': 'ms6888', 'count': 0}, {'id': 164, 'name': 'ms8756', 'count': 0}, {'id': 165, 'name': 'ms1848', 'count': 0}, {'id': 166, 'name': 'ms1510', 'count': 0}, {'id': 167, 'name': 'ms1721', 'count': 0}, {'id': 168, 'name': 'ms5134', 'count': 0}, {'id': 169, 'name': 'ms3456', 'count': 0}, {'id': 170, 'name': 'ms7253', 'count': 0}, {'id': 171, 'name': 'ms3616', 'count': 0}, {'id': 172, 'name': 'ms9484', 'count': 0}, {'id': 173, 'name': 'ms5874', 'count': 0}, {'id': 174, 'name': 'ms2165', 'count': 0}, {'id': 175, 'name': 'ms1489', 'count': 0}, {'id': 176, 'name': 'ms4735', 'count': 0}, {'id': 177, 'name': 'ms5661', 'count': 0}, {'id': 178, 'name': 'ms6593', 'count': 0}, {'id': 179, 'name': 'ms8409', 'count': 0}, {'id': 180, 'name': 'ms1407', 'count': 0}, {'id': 181, 'name': 'ms5125', 'count': 0}, {'id': 182, 'name': 'ms9012', 'count': 0}, {'id': 183, 'name': 'ms1227', 'count': 0}, {'id': 184, 'name': 'ms9476', 'count': 0}, {'id': 185, 'name': 'ms6230', 'count': 0}, {'id': 186, 'name': 'ms1088', 'count': 0}, {'id': 187, 'name': 'ms2998', 'count': 0}, {'id': 188, 'name': 'ms2779', 'count': 0}, {'id': 189, 'name': 'ms1607', 'count': 0}, {'id': 190, 'name': 'ms7375', 'count': 0}, {'id': 191, 'name': 'ms4985', 'count': 0}, {'id': 192, 'name': 'ms8625', 'count': 0}, {'id': 193, 'name': 'ms1790', 'count': 0}, {'id': 194, 'name': 'ms5765', 'count': 0}, {'id': 195, 'name': 'ms3997', 'count': 0}, {'id': 196, 'name': 'ms3271', 'count': 0}, {'id': 197, 'name': 'ms6670', 'count': 0}, {'id': 198, 'name': 'ms2600', 'count': 0}, {'id': 199, 'name': 'ms2522', 'count': 0}]}
[2022-10-07 10:12:04,721] logging_util.py->error_log line:64 [ERROR]断言失败：返回结果中不包含:${get_sql()}
[2022-10-07 10:12:04,729] logging_util.py->error_log line:64 [ERROR]断言报错：异常信息：Traceback (most recent call last):
  File "C:\pycharm\common\requests_util.py", line 201, in validata_assert
    error_log("断言失败：返回结果中不包含:" + value + "")
  File "C:\pycharm\common\logging_util.py", line 65, in error_log
    raise Exception(log_message)
Exception: 断言失败：返回结果中不包含:${get_sql()}

[2022-10-07 10:12:04,736] logging_util.py->error_log line:64 [ERROR]热加载报错：异常信息：Traceback (most recent call last):
  File "C:\pycharm\common\requests_util.py", line 201, in validata_assert
    error_log("断言失败：返回结果中不包含:" + value + "")
  File "C:\pycharm\common\logging_util.py", line 65, in error_log
    raise Exception(log_message)
Exception: 断言失败：返回结果中不包含:${get_sql()}

During handling of the above exception, another exception occurred:

Traceback (most recent call last):
  File "C:\pycharm\common\requests_util.py", line 120, in analysis_yaml
    self.validata_assert(caseinfo['validata'], return_data, status_code)
  File "C:\pycharm\common\requests_util.py", line 208, in validata_assert
    error_log("断言报错：异常信息：%s" % str(traceback.format_exc()))
  File "C:\pycharm\common\logging_util.py", line 65, in error_log
    raise Exception(log_message)
Exception: 断言报错：异常信息：Traceback (most recent call last):
  File "C:\pycharm\common\requests_util.py", line 201, in validata_assert
    error_log("断言失败：返回结果中不包含:" + value + "")
  File "C:\pycharm\common\logging_util.py", line 65, in error_log
    raise Exception(log_message)
Exception: 断言失败：返回结果中不包含:${get_sql()}


[2022-10-07 10:12:04,785] logging_util.py->write_log line:60 [INFO]----------接口请求开始-------------
[2022-10-07 10:12:04,793] logging_util.py->write_log line:60 [INFO]接口名称：新建标签
[2022-10-07 10:12:04,800] logging_util.py->write_log line:60 [INFO]请求方发：post
[2022-10-07 10:12:04,807] logging_util.py->write_log line:60 [INFO]请求路径：https://api.weixin.qq.com/cgi-bin/tags/create?access_token=61_-bnAJ5s5ZpE8TBJqrwT5n1LZdEbtMGw9GVY5ufKArpzzX48f8C1N5pkZmEeHF0VNGFUPnxIW2IKNbwdICoSo4TBKLeTzLh2GZVb15nSo4fNz6Y-TM7_3dC1Lo0bTcYJrQFdmoM1Yls_Y6TG0IQCgADAQYK
[2022-10-07 10:12:04,814] logging_util.py->write_log line:60 [INFO]请求参数：{'tag': {'name': 'ms2394'}}
[2022-10-07 10:12:04,820] logging_util.py->write_log line:60 [INFO]文件上传：None
[2022-10-07 10:12:04,827] logging_util.py->write_log line:60 [INFO]请求头：{}
